{
  "id": 0,
  "simple functions":
  [
    {
      "id": 0,
      "name": "f",
      "return type":
      {
        "fundamental type": "void"
      }
    },
    {
      "id": 1,
      "name": "g",
      "return type":
      {
        "fundamental type": "void"
      }
    },
    {
      "id": 2,
      "name": "h",
      "defined": false,
      "return type":
      {
        "fundamental type": "void"
      }
    }
  ]
}
