<namespace id="0">
 <simple_function name="f">
  <return_type>
   <fundamental_type type="int"/>
  </return_type>
  <parameters>
   <parameter name="d">
    <type>
     <reference>
      <cv_qualified_type const="true">
       <fundamental_type type="double"/>
      </cv_qualified_type>
     </reference>
    </type>
   </parameter>
  </parameters>
 </simple_function>
 <simple_function name="f">
  <return_type>
   <fundamental_type type="int"/>
  </return_type>
  <parameters>
   <parameter name="d">
    <type>
     <reference>
      <fundamental_type type="double"/>
     </reference>
    </type>
   </parameter>
  </parameters>
 </simple_function>
</namespace>
