{
  "id": "namespace-0",
  "namespaces":
  [
    {
      "id": "namespace-1",
      "name": "m"
    },
    {
      "id": "namespace-2",
      "name": "n",
      "namespaces":
      [
        {
          "id": "namespace-3",
          "name": "n2"
        },
        {
          "id": "namespace-4",
          "name": "n3"
        }
      ]
    }
  ]
}
