{
  "id": 0,
  "variables":
  [
    {
      "id": 0,
      "name": "b1",
      "type":
      {
        "category": "fundamental type",
        "type": "bool"
      },
      "default value":
      {
        "type": "conversion to bool",
        "source value":
        {
          "type": "int",
          "value": 0
        }
      }
    },
    {
      "id": 1,
      "name": "b2",
      "type":
      {
        "category": "cv-qualified type",
        "const": true,
        "qualified type":
        {
          "category": "fundamental type",
          "type": "bool"
        }
      },
      "default value":
      {
        "type": "conversion to bool",
        "source value":
        {
          "type": "int",
          "value": 1
        }
      }
    },
    {
      "id": 2,
      "name": "b3",
      "type":
      {
        "category": "reference",
        "qualified type":
        {
          "category": "cv-qualified type",
          "const": true,
          "qualified type":
          {
            "category": "fundamental type",
            "type": "bool"
          }
        }
      },
      "default value":
      {
        "type": "conversion to bool",
        "source value":
        {
          "type": "negation",
          "operand":
          {
            "type": "int",
            "value": 2
          }
        }
      }
    }
  ]
}
