{
  "id": 0,
  "variables":
  [
    {
      "id": 0,
      "name": "b1",
      "type":
      {
        "fundamental type": "bool"
      },
      "default value":
      {
        "less than":
        {
          "left operand":
          {
            "int": 7
          },
          "right operand":
          {
            "int": 9
          }
        }
      }
    },
    {
      "id": 1,
      "name": "b2",
      "type":
      {
        "fundamental type": "bool"
      },
      "default value":
      {
        "less than or equal to":
        {
          "left operand":
          {
            "int": 7
          },
          "right operand":
          {
            "int": 9
          }
        }
      }
    },
    {
      "id": 2,
      "name": "b3",
      "type":
      {
        "fundamental type": "bool"
      },
      "default value":
      {
        "greater than":
        {
          "left operand":
          {
            "int": 7
          },
          "right operand":
          {
            "int": 9
          }
        }
      }
    },
    {
      "id": 3,
      "name": "b4",
      "type":
      {
        "fundamental type": "bool"
      },
      "default value":
      {
        "greater than or equal to":
        {
          "left operand":
          {
            "int": 7
          },
          "right operand":
          {
            "int": 9
          }
        }
      }
    },
    {
      "id": 4,
      "name": "b5",
      "type":
      {
        "fundamental type": "bool"
      },
      "default value":
      {
        "equal to":
        {
          "left operand":
          {
            "int": 7
          },
          "right operand":
          {
            "int": 9
          }
        }
      }
    },
    {
      "id": 5,
      "name": "b6",
      "type":
      {
        "fundamental type": "bool"
      },
      "default value":
      {
        "not equal to":
        {
          "left operand":
          {
            "int": 7
          },
          "right operand":
          {
            "int": 9
          }
        }
      }
    },
    {
      "id": 6,
      "name": "b7",
      "type":
      {
        "fundamental type": "bool"
      },
      "default value":
      {
        "logical and":
        {
          "left operand":
          {
            "bool": true
          },
          "right operand":
          {
            "bool": false
          }
        }
      }
    },
    {
      "id": 7,
      "name": "b8",
      "type":
      {
        "fundamental type": "bool"
      },
      "default value":
      {
        "logical or":
        {
          "left operand":
          {
            "bool": true
          },
          "right operand":
          {
            "bool": false
          }
        }
      }
    },
    {
      "id": 8,
      "name": "b9",
      "type":
      {
        "fundamental type": "bool"
      },
      "default value":
      {
        "logical negation":
        {
          "operand":
          {
            "bool": true
          }
        }
      }
    },
    {
      "id": 9,
      "name": "i01",
      "type":
      {
        "fundamental type": "int"
      },
      "default value":
      {
        "multiplication":
        {
          "left operand":
          {
            "int": 7
          },
          "right operand":
          {
            "int": 9
          }
        }
      }
    },
    {
      "id": 10,
      "name": "i02",
      "type":
      {
        "fundamental type": "int"
      },
      "default value":
      {
        "division":
        {
          "left operand":
          {
            "int": 7
          },
          "right operand":
          {
            "int": 9
          }
        }
      }
    },
    {
      "id": 11,
      "name": "i03",
      "type":
      {
        "fundamental type": "int"
      },
      "default value":
      {
        "modulo":
        {
          "left operand":
          {
            "int": 7
          },
          "right operand":
          {
            "int": 9
          }
        }
      }
    },
    {
      "id": 12,
      "name": "i04",
      "type":
      {
        "fundamental type": "int"
      },
      "default value":
      {
        "int": 16
      }
    },
    {
      "id": 13,
      "name": "i05",
      "type":
      {
        "fundamental type": "int"
      },
      "default value":
      {
        "subtraction":
        {
          "left operand":
          {
            "int": 7
          },
          "right operand":
          {
            "int": 9
          }
        }
      }
    },
    {
      "id": 14,
      "name": "i06",
      "type":
      {
        "fundamental type": "int"
      },
      "default value":
      {
        "left shift":
        {
          "left operand":
          {
            "int": 7
          },
          "right operand":
          {
            "int": 2
          }
        }
      }
    },
    {
      "id": 15,
      "name": "i07",
      "type":
      {
        "fundamental type": "int"
      },
      "default value":
      {
        "right shift":
        {
          "left operand":
          {
            "int": 7
          },
          "right operand":
          {
            "int": 2
          }
        }
      }
    },
    {
      "id": 16,
      "name": "i08",
      "type":
      {
        "fundamental type": "int"
      },
      "default value":
      {
        "bitwise and":
        {
          "left operand":
          {
            "int": 7
          },
          "right operand":
          {
            "int": 9
          }
        }
      }
    },
    {
      "id": 17,
      "name": "i09",
      "type":
      {
        "fundamental type": "int"
      },
      "default value":
      {
        "bitwise exclusive or":
        {
          "left operand":
          {
            "int": 7
          },
          "right operand":
          {
            "int": 9
          }
        }
      }
    },
    {
      "id": 18,
      "name": "i10",
      "type":
      {
        "fundamental type": "int"
      },
      "default value":
      {
        "bitwise inclusive or":
        {
          "left operand":
          {
            "int": 7
          },
          "right operand":
          {
            "int": 9
          }
        }
      }
    },
    {
      "id": 19,
      "name": "i11",
      "type":
      {
        "fundamental type": "int"
      },
      "default value":
      {
        "int": 7
      }
    },
    {
      "id": 20,
      "name": "i12",
      "type":
      {
        "fundamental type": "int"
      },
      "default value":
      {
        "negation":
        {
          "operand":
          {
            "int": 7
          }
        }
      }
    },
    {
      "id": 21,
      "name": "i13",
      "type":
      {
        "fundamental type": "int"
      },
      "default value":
      {
        "complement":
        {
          "operand":
          {
            "int": 7
          }
        }
      }
    },
    {
      "id": 22,
      "name": "i14",
      "type":
      {
        "fundamental type": "int"
      },
      "default value":
      {
        "conditional":
        {
          "condition operand":
          {
            "bool": true
          },
          "true operand":
          {
            "int": 8
          },
          "false operand":
          {
            "int": 6
          }
        }
      }
    }
  ]
}
