{
  "id": 0,
  "classes":
  [
    {
      "id": 0,
      "name": "s",
      "destructor":
      {
        "access": "public"
      },
      "bit fields":
      [
        {
          "id": 0,
          "name": "i",
          "size": 0,
          "access": "public",
          "mutable": "true",
          "type":
          {
            "fundamental type": "bool"
          }
        },
        {
          "id": 1,
          "size": 0,
          "access": "public",
          "type":
          {
            "fundamental type": "int"
          }
        },
        {
          "id": 2,
          "size": 0,
          "access": "public",
          "type":
          {
            "fundamental type": "unsigned int"
          }
        }
      ]
    }
  ]
}
