{
  "id": 0,
  "classes":
  [
    {
      "id": 0,
      "name": "point",
      "destructor":
      {
        "access": "public"
      },
      "variables":
      [
        {
          "id": 0,
          "name": "x",
          "access": "public",
          "type":
          {
            "category": "fundamental type",
            "type": "int"
          }
        },
        {
          "id": 1,
          "name": "y",
          "access": "public",
          "type":
          {
            "category": "fundamental type",
            "type": "int"
          }
        }
      ]
    }
  ],
  "simple functions":
  [
    {
      "id": 0,
      "name": "create_point",
      "return type":
      {
        "category": "class",
        "id": 0
      },
      "parameters":
      [
        {
          "name": "x",
          "type":
          {
            "category": "fundamental type",
            "type": "int"
          }
        },
        {
          "name": "y",
          "type":
          {
            "category": "fundamental type",
            "type": "int"
          }
        }
      ]
    },
    {
      "id": 1,
      "name": "distance",
      "return type":
      {
        "category": "fundamental type",
        "type": "unsigned int"
      },
      "parameters":
      [
        {
          "name": "p1",
          "type":
          {
            "category": "class",
            "id": 0
          }
        },
        {
          "name": "p2",
          "type":
          {
            "category": "class",
            "id": 0
          }
        }
      ]
    }
  ],
  "variables":
  [
    {
      "id": 0,
      "name": "p",
      "type":
      {
        "category": "class",
        "id": 0
      }
    }
  ]
}
