{
  "id": "namespace-0",
  "namespaces":
  [
    {
      "id": "namespace-1",
      "name": "n",
      "classes":
      [
        {
          "id": "class-0",
          "name": "s",
          "destructor":
          {
            "access": "public"
          }
        }
      ]
    }
  ],
  "classes":
  [
    {
      "id": "class-1",
      "name": "s",
      "destructor":
      {
        "access": "public"
      }
    }
  ]
}
