<namespace id="0">
 <namespace name="n" id="1">
  <class name="s" id="0">
   <destructor access="public" defined="false">
   </destructor>
  </class>
 </namespace>
 <class name="s" id="1">
  <destructor access="public" defined="false">
  </destructor>
 </class>
</namespace>
