{
  "id": 0,
  "variables":
  [
    {
      "id": 0,
      "name": "i",
      "type":
      {
        "pointer":
        {
          "type":
          {
            "pointer":
            {
              "type":
              {
                "array":
                {
                  "size": 3,
                  "type":
                  {
                    "pointer":
                    {
                      "type":
                      {
                        "cv-qualified type":
                        {
                          "const": true,
                          "type":
                          {
                            "pointer":
                            {
                              "type":
                              {
                                "array":
                                {
                                  "size": 5,
                                  "type":
                                  {
                                    "fundamental type": "int"
                                  }
                                }
                              }
                            }
                          }
                        }
                      }
                    }
                  }
                }
              }
            }
          }
        }
      }
    }
  ]
}
