{
  "id": 0,
  "variables":
  [
    {
      "id": 0,
      "name": "i",
      "type":
      {
        "category": "pointer",
        "qualified type":
        {
          "category": "pointer",
          "qualified type":
          {
            "category": "pointer",
            "qualified type":
            {
              "category": "pointer",
              "qualified type":
              {
                "category": "cv-qualified type",
                "const": true,
                "qualified type":
                {
                  "category": "pointer",
                  "qualified type":
                  {
                    "category": "pointer",
                    "qualified type":
                    {
                      "category": "cv-qualified type",
                      "const": true,
                      "volatile": true,
                      "qualified type":
                      {
                        "category": "pointer",
                        "qualified type":
                        {
                          "category": "cv-qualified type",
                          "const": true,
                          "qualified type":
                          {
                            "category": "fundamental type",
                            "type": "unsigned long int"
                          }
                        }
                      }
                    }
                  }
                }
              }
            }
          }
        }
      }
    },
    {
      "id": 1,
      "name": "j",
      "type":
      {
        "category": "cv-qualified type",
        "const": true,
        "qualified type":
        {
          "category": "fundamental type",
          "type": "unsigned long int"
        }
      }
    }
  ]
}
