{
  "id": "namespace-0",
  "simple functions":
  [
    {
      "id": "simple-function-0",
      "name": "f",
      "defined": false,
      "return type":
      {
        "fundamental type": "void"
      },
      "parameters":
      [
        {
          "name": "i",
          "type":
          {
            "fundamental type": "int"
          }
        }
      ]
    },
    {
      "id": "simple-function-1",
      "name": "g",
      "defined": false,
      "return type":
      {
        "fundamental type": "void"
      },
      "parameters":
      [
        {
          "type":
          {
            "fundamental type": "int"
          }
        }
      ]
    }
  ]
}
