<namespace id="0">
 <class name="base" id="0">
  <destructor access="public" defined="false">
  </destructor>
 </class>
 <class name="c" id="1">
  <base_classes>
   <base_class  class_id="0" access="private"/>
  </base_classes>
  <destructor access="public" defined="false">
  </destructor>
  <member_variable name="i" access="private">
   <type>
    <fundamental_type type="int"/>
   </type>
  </member_variable>
 </class>
 <class name="s" id="2">
  <base_classes>
   <base_class  class_id="0" access="public"/>
  </base_classes>
  <destructor access="public" defined="false">
  </destructor>
  <member_variable name="i" access="public">
   <type>
    <fundamental_type type="int"/>
   </type>
  </member_variable>
 </class>
</namespace>
