{
  "id": 0,
  "classes":
  [
    {
      "id": 0,
      "name": "base",
      "destructor":
      {
        "access": "public"
      }
    },
    {
      "id": 1,
      "name": "c",
      "base classes":
      [
        {
          "class id": 0,
          "access": "private"
        }
      ],
      "destructor":
      {
        "access": "public"
      },
      "variables":
      [
        {
          "id": 0,
          "name": "i",
          "access": "private",
          "type":
          {
            "fundamental type": "int"
          }
        }
      ]
    },
    {
      "id": 2,
      "name": "s",
      "base classes":
      [
        {
          "class id": 0,
          "access": "public"
        }
      ],
      "destructor":
      {
        "access": "public"
      },
      "variables":
      [
        {
          "id": 1,
          "name": "i",
          "access": "public",
          "type":
          {
            "fundamental type": "int"
          }
        }
      ]
    }
  ]
}
