<namespace id="0">
 <class id="0" name="s">
  <member_enum name="color" id="0">
   <constant name="RED" value="0">
   <constant name="GREEN" value="1">
   <constant name="BLUE" value="2">
  </member_enum>
  <destructor access="public" defined="false">
  </destructor>
 </class>
 <enum name="direction" id="0">
  <constant name="LEFT" value="0">
  <constant name="RIGHT" value="1">
 </enum>
 <variable id="0" name="c">
  <type>
   <member_enum id="0"/>
  </type>
 </variable>
 <variable id="1" name="d">
  <type>
   <enum id="0"/>
  </type>
 </variable>
</namespace>
