{
  "id": "namespace-0",
  "classes":
  [
    {
      "id": "class-0",
      "name": "c",
      "typedefs":
      [
        {
          "id": "member-typedef-0",
          "name": "const_fun_t",
          "access": "private",
          "type":
          {
            "function type":
            {
              "const": true,
              "return type":
              {
                "fundamental type": "int"
              },
              "parameter types":
              [
              ]
            }
          }
        }
      ],
      "destructor":
      {
        "access": "public"
      },
      "simple functions":
      [
        {
          "id": "simple-member-function-0",
          "name": "f",
          "access": "private",
          "return type":
          {
            "fundamental type": "int"
          }
        },
        {
          "id": "simple-member-function-1",
          "name": "g",
          "access": "private",
          "defined": false,
          "return type":
          {
            "fundamental type": "int"
          }
        },
        {
          "id": "simple-member-function-2",
          "name": "h",
          "access": "private",
          "const": true,
          "defined": false,
          "return type":
          {
            "fundamental type": "int"
          }
        }
      ]
    }
  ],
  "typedefs":
  [
    {
      "id": "typedef-0",
      "name": "fun_t",
      "type":
      {
        "function type":
        {
          "return type":
          {
            "fundamental type": "int"
          },
          "parameter types":
          [
          ]
        }
      }
    }
  ],
  "simple functions":
  [
    {
      "id": "simple-function-0",
      "name": "f",
      "defined": false,
      "return type":
      {
        "fundamental type": "int"
      }
    },
    {
      "id": "simple-function-1",
      "name": "g",
      "defined": false,
      "return type":
      {
        "fundamental type": "void"
      },
      "parameters":
      [
        {
          "type":
          {
            "function type":
            {
              "return type":
              {
                "fundamental type": "int"
              },
              "parameter types":
              [
              ]
            }
          }
        }
      ]
    },
    {
      "id": "simple-function-2",
      "name": "h",
      "defined": false,
      "return type":
      {
        "fundamental type": "void"
      },
      "parameters":
      [
        {
          "type":
          {
            "function type":
            {
              "variadic": true,
              "return type":
              {
                "pointer":
                {
                  "type":
                  {
                    "fundamental type": "int"
                  }
                }
              },
              "parameter types":
              [
                {
                  "fundamental type": "unsigned int"
                }
              ]
            }
          }
        }
      ]
    }
  ],
  "variables":
  [
    {
      "id": "variable-0",
      "name": "f_ptr",
      "type":
      {
        "pointer":
        {
          "type":
          {
            "function type":
            {
              "return type":
              {
                "fundamental type": "int"
              },
              "parameter types":
              [
              ]
            }
          }
        }
      }
    }
  ]
}
