{
  "id": 0,
  "simple functions":
  [
    {
      "id": 0,
      "name": "f",
      "return type":
      {
        "fundamental type": "void"
      },
      "parameters":
      [
        {
          "type":
          {
            "cv-qualified type":
            {
              "const": true,
              "type":
              {
                "fundamental type": "int"
              }
            }
          }
        }
      ]
    },
    {
      "id": 1,
      "name": "g",
      "return type":
      {
        "fundamental type": "void"
      },
      "parameters":
      [
        {
          "type":
          {
            "cv-qualified type":
            {
              "const": true,
              "volatile": true,
              "type":
              {
                "fundamental type": "int"
              }
            }
          }
        }
      ]
    },
    {
      "id": 2,
      "name": "h",
      "return type":
      {
        "fundamental type": "void"
      },
      "parameters":
      [
        {
          "type":
          {
            "cv-qualified type":
            {
              "const": true,
              "volatile": true,
              "type":
              {
                "pointer":
                {
                  "type":
                  {
                    "fundamental type": "int"
                  }
                }
              }
            }
          }
        }
      ]
    },
    {
      "id": 3,
      "name": "i",
      "return type":
      {
        "fundamental type": "void"
      },
      "parameters":
      [
        {
          "type":
          {
            "cv-qualified type":
            {
              "const": true,
              "type":
              {
                "pointer":
                {
                  "type":
                  {
                    "cv-qualified type":
                    {
                      "const": true,
                      "type":
                      {
                        "fundamental type": "double"
                      }
                    }
                  }
                }
              }
            }
          }
        }
      ]
    }
  ]
}
