{
  "id": 0,
  "variables":
  [
    {
      "id": 0,
      "name": "v01",
      "type":
      {
        "fundamental type": "char"
      }
    },
    {
      "id": 1,
      "name": "v02",
      "type":
      {
        "fundamental type": "unsigned char"
      }
    },
    {
      "id": 2,
      "name": "v03",
      "type":
      {
        "fundamental type": "signed char"
      }
    },
    {
      "id": 3,
      "name": "v04",
      "type":
      {
        "fundamental type": "bool"
      }
    },
    {
      "id": 4,
      "name": "v05",
      "type":
      {
        "fundamental type": "unsigned int"
      }
    },
    {
      "id": 5,
      "name": "v06",
      "type":
      {
        "fundamental type": "unsigned int"
      }
    },
    {
      "id": 6,
      "name": "v07",
      "type":
      {
        "fundamental type": "int"
      }
    },
    {
      "id": 7,
      "name": "v08",
      "type":
      {
        "fundamental type": "int"
      }
    },
    {
      "id": 8,
      "name": "v09",
      "type":
      {
        "fundamental type": "int"
      }
    },
    {
      "id": 9,
      "name": "v10",
      "type":
      {
        "fundamental type": "unsigned short int"
      }
    },
    {
      "id": 10,
      "name": "v11",
      "type":
      {
        "fundamental type": "unsigned short int"
      }
    },
    {
      "id": 11,
      "name": "v12",
      "type":
      {
        "fundamental type": "unsigned long int"
      }
    },
    {
      "id": 12,
      "name": "v13",
      "type":
      {
        "fundamental type": "unsigned long int"
      }
    },
    {
      "id": 13,
      "name": "v14",
      "type":
      {
        "fundamental type": "long int"
      }
    },
    {
      "id": 14,
      "name": "v15",
      "type":
      {
        "fundamental type": "long int"
      }
    },
    {
      "id": 15,
      "name": "v16",
      "type":
      {
        "fundamental type": "long int"
      }
    },
    {
      "id": 16,
      "name": "v17",
      "type":
      {
        "fundamental type": "long int"
      }
    },
    {
      "id": 17,
      "name": "v18",
      "type":
      {
        "fundamental type": "short int"
      }
    },
    {
      "id": 18,
      "name": "v19",
      "type":
      {
        "fundamental type": "short int"
      }
    },
    {
      "id": 19,
      "name": "v20",
      "type":
      {
        "fundamental type": "short int"
      }
    },
    {
      "id": 20,
      "name": "v21",
      "type":
      {
        "fundamental type": "short int"
      }
    },
    {
      "id": 21,
      "name": "v22",
      "type":
      {
        "fundamental type": "wchar_t"
      }
    },
    {
      "id": 22,
      "name": "v23",
      "type":
      {
        "fundamental type": "float"
      }
    },
    {
      "id": 23,
      "name": "v24",
      "type":
      {
        "fundamental type": "double"
      }
    },
    {
      "id": 24,
      "name": "v25",
      "type":
      {
        "fundamental type": "long double"
      }
    },
    {
      "id": 25,
      "name": "v26",
      "type":
      {
        "pointer":
        {
          "type":
          {
            "fundamental type": "void"
          }
        }
      }
    }
  ]
}
