<namespace id="0">
 <variable name="v01">
  <type>
   <fundamental_type type="char"/>
  </type>
 </variable>
 <variable name="v02">
  <type>
   <fundamental_type type="unsigned char"/>
  </type>
 </variable>
 <variable name="v03">
  <type>
   <fundamental_type type="signed char"/>
  </type>
 </variable>
 <variable name="v04">
  <type>
   <fundamental_type type="bool"/>
  </type>
 </variable>
 <variable name="v05">
  <type>
   <fundamental_type type="unsigned int"/>
  </type>
 </variable>
 <variable name="v06">
  <type>
   <fundamental_type type="unsigned int"/>
  </type>
 </variable>
 <variable name="v07">
  <type>
   <fundamental_type type="int"/>
  </type>
 </variable>
 <variable name="v08">
  <type>
   <fundamental_type type="int"/>
  </type>
 </variable>
 <variable name="v09">
  <type>
   <fundamental_type type="int"/>
  </type>
 </variable>
 <variable name="v10">
  <type>
   <fundamental_type type="unsigned short int"/>
  </type>
 </variable>
 <variable name="v11">
  <type>
   <fundamental_type type="unsigned short int"/>
  </type>
 </variable>
 <variable name="v12">
  <type>
   <fundamental_type type="unsigned long int"/>
  </type>
 </variable>
 <variable name="v13">
  <type>
   <fundamental_type type="unsigned long int"/>
  </type>
 </variable>
 <variable name="v14">
  <type>
   <fundamental_type type="long int"/>
  </type>
 </variable>
 <variable name="v15">
  <type>
   <fundamental_type type="long int"/>
  </type>
 </variable>
 <variable name="v16">
  <type>
   <fundamental_type type="long int"/>
  </type>
 </variable>
 <variable name="v17">
  <type>
   <fundamental_type type="long int"/>
  </type>
 </variable>
 <variable name="v18">
  <type>
   <fundamental_type type="short int"/>
  </type>
 </variable>
 <variable name="v19">
  <type>
   <fundamental_type type="short int"/>
  </type>
 </variable>
 <variable name="v20">
  <type>
   <fundamental_type type="short int"/>
  </type>
 </variable>
 <variable name="v21">
  <type>
   <fundamental_type type="short int"/>
  </type>
 </variable>
 <variable name="v22">
  <type>
   <fundamental_type type="wchar_t"/>
  </type>
 </variable>
 <variable name="v23">
  <type>
   <fundamental_type type="float"/>
  </type>
 </variable>
 <variable name="v24">
  <type>
   <fundamental_type type="double"/>
  </type>
 </variable>
 <variable name="v25">
  <type>
   <fundamental_type type="long double"/>
  </type>
 </variable>
 <variable name="v26">
  <type>
   <pointer>
    <fundamental_type type="void"/>
   </pointer>
  </type>
 </variable>
</namespace>
