{
  "id": 0,
  "classes":
  [
    {
      "id": 0,
      "name": "c",
      "unions":
      [
        {
          "id": 0,
          "name": "inner",
          "access": "private",
          "destructor":
          {
            "access": "public"
          },
          "variables":
          [
            {
              "id": 0,
              "name": "d",
              "access": "public",
              "type":
              {
                "fundamental type": "double"
              }
            },
            {
              "id": 1,
              "name": "i",
              "access": "public",
              "type":
              {
                "fundamental type": "int"
              }
            }
          ]
        }
      ],
      "destructor":
      {
        "access": "public"
      }
    }
  ],
  "unions":
  [
    {
      "id": 0,
      "name": "u",
      "unions":
      [
        {
          "id": 1,
          "name": "inner",
          "access": "public",
          "destructor":
          {
            "access": "public"
          },
          "variables":
          [
            {
              "id": 2,
              "name": "d",
              "access": "public",
              "type":
              {
                "fundamental type": "double"
              }
            },
            {
              "id": 3,
              "name": "i",
              "access": "public",
              "type":
              {
                "fundamental type": "int"
              }
            }
          ]
        }
      ],
      "destructor":
      {
        "access": "public"
      },
      "variables":
      [
        {
          "id": 4,
          "name": "c",
          "access": "public",
          "type":
          {
            "fundamental type": "char"
          }
        },
        {
          "id": 5,
          "name": "i",
          "access": "public",
          "type":
          {
            "member union": 1
          }
        }
      ]
    }
  ],
  "variables":
  [
    {
      "id": 0,
      "name": "ui",
      "type":
      {
        "member union": 1
      }
    }
  ]
}
