{
  "id": 0,
  "classes":
  [
    {
      "id": 0,
      "name": "a_class",
      "classes":
      [
        {
          "id": 0,
          "name": "nested_class",
          "access": "public",
          "destructor":
          {
            "access": "public"
          },
          "variables":
          [
            {
              "id": 0,
              "name": "i",
              "access": "private",
              "type":
              {
                "fundamental type": "int"
              }
            }
          ]
        },
        {
          "id": 1,
          "name": "nested_class2",
          "access": "public",
          "base classes":
          [
            {
              "member class id": 0,
              "access": "public"
            }
          ],
          "destructor":
          {
            "access": "public"
          }
        }
      ],
      "destructor":
      {
        "access": "public"
      }
    }
  ],
  "variables":
  [
    {
      "id": 0,
      "name": "anc",
      "type":
      {
        "member class": 0
      }
    }
  ]
}
