<namespace id="0">
 <class id="0" name="a_class">
  <member_class id="0" name="nested_class" access="public">
   <destructor access="public" defined="false">
   </destructor>
   <member_variable id="0" name="i" access="private">
    <type>
     <fundamental_type type="int"/>
    </type>
   </member_variable>
  </member_class>
  <member_class id="1" name="nested_class2" access="public">
   <base_classes>
    <base_class  member_class_id="0" access="public"/>
   </base_classes>
   <destructor access="public" defined="false">
   </destructor>
  </member_class>
  <destructor access="public" defined="false">
  </destructor>
 </class>
 <variable id="0" name="anc">
  <type>
   <member_class id="0"/>
  </type>
 </variable>
</namespace>
