<namespace id="0">
 <simple_function id="0" name="main">
  <return_type>
   <fundamental_type type="int"/>
  </return_type>
 </simple_function>
</namespace>
