<namespace id="0">
 <class name="square" id="0">
  <constructor access="public">
   <parameters>
    <parameter name="size">
     <type>
      <cv_qualified_type const="true">
       <fundamental_type type="unsigned int"/>
      </cv_qualified_type>
     </type>
    </parameter>
   </parameters>
  </constructor>
  <destructor access="public" defined="false">
  </destructor>
  <simple_member_function name="size" access="public" const="true">
   <return_type>
    <fundamental_type type="unsigned int"/>
   </return_type>
  </simple_member_function>
  <simple_member_function name="size" access="public">
   <return_type>
    <fundamental_type type="void"/>
   </return_type>
   <parameters>
    <parameter name="size">
     <type>
      <cv_qualified_type const="true">
       <fundamental_type type="unsigned int"/>
      </cv_qualified_type>
     </type>
    </parameter>
   </parameters>
  </simple_member_function>
  <member_variable name="size_" access="private">
   <type>
    <fundamental_type type="unsigned int"/>
   </type>
  </member_variable>
 </class>
</namespace>
