{
  "id": 0,
  "classes":
  [
    {
      "id": 0,
      "name": "square",
      "constructors":
      [
        {
          "access": "public",
          "defined": true,
          "parameters":
          [
            {
              "name": "size",
              "type":
              {
                "cv-qualified type":
                {
                  "const": true,
                  "type":
                  {
                    "fundamental type": "unsigned int"
                  }
                }
              }
            }
          ]
        }
      ],
      "destructor":
      {
        "access": "public"
      },
      "simple functions":
      [
        {
          "id": 0,
          "name": "size",
          "access": "public",
          "const": true,
          "return type":
          {
            "fundamental type": "unsigned int"
          }
        },
        {
          "id": 1,
          "name": "size",
          "access": "public",
          "return type":
          {
            "fundamental type": "void"
          },
          "parameters":
          [
            {
              "name": "size",
              "type":
              {
                "cv-qualified type":
                {
                  "const": true,
                  "type":
                  {
                    "fundamental type": "unsigned int"
                  }
                }
              }
            }
          ]
        }
      ],
      "variables":
      [
        {
          "id": 0,
          "name": "size_",
          "access": "private",
          "type":
          {
            "fundamental type": "unsigned int"
          }
        }
      ]
    }
  ]
}
