{
  "id": "namespace-0",
  "simple functions":
  [
    {
      "id": "simple-function-0",
      "name": "main",
      "return type":
      {
        "fundamental type": "int"
      }
    }
  ]
}
