{
  "id": "namespace-0",
  "classes":
  [
    {
      "id": "class-0",
      "name": "c",
      "unions":
      [
        {
          "id": "member-union-0",
          "name": "u",
          "access": "private",
          "destructor":
          {
            "access": "public"
          }
        }
      ],
      "destructor":
      {
        "access": "public"
      }
    }
  ],
  "unions":
  [
    {
      "id": "union-0",
      "name": "u",
      "destructor":
      {
        "access": "public"
      }
    }
  ]
}
