<namespace id="0">
 <unnamed_namespace>
  <class id="0" name="c">
   <destructor access="public" defined="false">
   </destructor>
  </class>
  <variable id="0" name="i">
   <type>
    <fundamental_type type="int"/>
   </type>
  </variable>
 </unnamed_namespace>
 <variable id="1" name="c0">
  <type>
   <class id="0"/>
  </type>
 </variable>
 <variable id="2" name="i">
  <type>
   <fundamental_type type="int"/>
  </type>
 </variable>
</namespace>
