{
  "id": "namespace-0",
  "namespaces":
  [
    {
      "id": "namespace-1",
      "name": "n",
      "classes":
      [
        {
          "id": "class-0",
          "name": "c",
          "destructor":
          {
            "access": "public"
          }
        }
      ]
    }
  ],
  "variables":
  [
    {
      "id": "variable-0",
      "name": "a_c",
      "type":
      {
        "class": "class-0"
      }
    }
  ]
}
