{
  "id": "namespace-0",
  "classes":
  [
    {
      "id": "class-0",
      "name": "s",
      "constructors":
      [
        {
          "access": "public",
          "variadic": true,
          "inline": true,
          "defined": true,
          "parameters":
          [
            {
              "type":
              {
                "fundamental type": "int"
              }
            }
          ]
        }
      ],
      "destructor":
      {
        "access": "public"
      },
      "simple functions":
      [
        {
          "id": "simple-member-function-0",
          "name": "f",
          "access": "public",
          "variadic": true,
          "defined": false,
          "return type":
          {
            "fundamental type": "bool"
          }
        }
      ]
    }
  ],
  "simple functions":
  [
    {
      "id": "simple-function-0",
      "name": "f",
      "variadic": true,
      "return type":
      {
        "fundamental type": "void"
      }
    },
    {
      "id": "simple-function-1",
      "name": "g",
      "variadic": true,
      "defined": false,
      "return type":
      {
        "fundamental type": "void"
      },
      "parameters":
      [
        {
          "type":
          {
            "fundamental type": "double"
          }
        }
      ]
    }
  ]
}
